// Jest Snapshot v1, https://goo.gl/fbAQLP

exports[`WebsiteCharts should match the snapshot 1`] = `ShallowWrapper {}`;
